Archive member included because of file (symbol)

/usr/lib/gcc/arm-none-eabi/4.9.3/libgcc.a(_udivsi3.o)
                              binaries/fs.o (__aeabi_uidiv)
/usr/lib/gcc/arm-none-eabi/4.9.3/libgcc.a(_divsi3.o)
                              binaries/xsh_help.o (__aeabi_idiv)
/usr/lib/gcc/arm-none-eabi/4.9.3/libgcc.a(_dvmd_tls.o)
                              /usr/lib/gcc/arm-none-eabi/4.9.3/libgcc.a(_udivsi3.o) (__aeabi_idiv0)

Allocating common symbols
Common symbol       size              file

netbufpool          0x4               binaries/net.o
readylist           0x2               binaries/ready.o
rfltab              0x5a0             binaries/rflinit.o
finalSumSem         0x4               binaries/xsh_network_futures.o
sleepq              0x2               binaries/clkinit.o
prodconWait         0x4               binaries/xsh_prodcons.o
n                   0x4               binaries/xsh_prodcons.o
getQueueSem         0x4               binaries/xsh_prodcons.o
intc_vector         0x200             binaries/evec.o
nnames              0x4               binaries/naminit.o
udptab              0x168             binaries/udp.o
minheap             0x4               binaries/meminit.o
marks               0x50              binaries/mark.o
currpid             0x4               binaries/initialize.o
Lf_data             0x20c             binaries/lfsinit.o
porttab             0x2d0             binaries/ptinit.o
ttytab              0x10c             binaries/ttyinit.o
proctab             0x15e0            binaries/initialize.o
eth_a_regs          0x1c              binaries/ethinit.o
prcount             0x4               binaries/initialize.o
dev0_blocks         0x4               binaries/fs.o
lfltab              0xf00             binaries/lflinit.o
block_cache         0x200             binaries/fs.o
rdstab              0x8c              binaries/rdsinit.o
ethertab            0x138             binaries/ethinit.o
nsaddr              0x4               binaries/dns.o
NetData             0xa8              binaries/net.o
nmarks              0x4               binaries/mark.o
dev0_blocksize      0x4               binaries/fs.o
Defer               0x8               binaries/resched.o
semtab              0x4b0             binaries/initialize.o
maxheap             0x4               binaries/meminit.o
preempt             0x4               binaries/clkinit.o
buftab              0xf0              binaries/bufinit.o
Rf_data             0x18              binaries/rfsinit.o
mkmutex             0x4               binaries/mark.o
childCount          0x4               binaries/xsh_prodcons.o
port_futures_tab    0x78              binaries/port_futures.o
clktime             0x4               binaries/clkinit.o
cpudelay            0x4               binaries/main.o
arpcache            0x180             binaries/arp.o
icmptab             0x230             binaries/icmp.o
nbpools             0x4               binaries/bufinit.o
oft                 0x500             binaries/fs.o
queuetab            0x980             binaries/queue.o
setQueueSem         0x4               binaries/xsh_prodcons.o
prodconsPID         0x4               binaries/xsh_prodcons.o
dev0_numblocks      0x4               binaries/fs.o
ptnextid            0x4               binaries/ptinit.o
Ram                 0x19000           binaries/raminit.o
ipoqueue            0x2c              binaries/ip.o
consumed            0x4               binaries/xsh_prodcons.o
memlist             0x8               binaries/initialize.o
produced            0x4               binaries/xsh_prodcons.o
nametab             0x19a0            binaries/naminit.o
ptfree              0x4               binaries/ptinit.o

Memory Configuration

Name             Origin             Length             Attributes
*default*        0x0000000000000000 0xffffffffffffffff

Linker script and memory map

                0x0000000081000000                physbase = 0x81000000
                0x0000000081000000                . = physbase
                0x0000000081000000                . = ALIGN (0x1000)

.text           0x0000000081000000    0x1a000
                0x0000000081000000                text = ABSOLUTE (.)
 *(.text .text.*)
 .text          0x0000000081000000       0x4c binaries/start.o
                0x0000000081000000                start
 .text          0x000000008100004c      0x370 binaries/ascdate.o
                0x000000008100004c                ascdate
 .text          0x00000000810003bc      0x17c binaries/bs.o
                0x00000000810003bc                bs_mkdev
                0x0000000081000458                bs_bread
                0x00000000810004c8                bs_bwrite
 .text          0x0000000081000538       0x18 binaries/bufinit.o
                0x0000000081000538                bufinit
 .text          0x0000000081000550       0x70 binaries/chprio.o
                0x0000000081000550                chprio
 .text          0x00000000810005c0       0xf0 binaries/clkhandler.o
                0x00000000810005c0                clkhandler
 .text          0x00000000810006b0       0xd4 binaries/clkinit.o
                0x00000000810006b0                clkinit
 .text          0x0000000081000784       0x5c binaries/close.o
                0x0000000081000784                close
 .text          0x00000000810007e0        0x0 binaries/conf.o
 .text          0x00000000810007e0       0x70 binaries/control.o
                0x00000000810007e0                control
 .text          0x0000000081000850      0x4e0 binaries/create.o
                0x000000008100091c                create
                0x0000000081000b24                icreate
 .text          0x0000000081000d30       0xb0 binaries/evec.o
                0x0000000081000d30                initintc
                0x0000000081000d5c                set_evec
                0x0000000081000d9c                irq_dispatch
 .text          0x0000000081000de0       0x10 binaries/exit.o
                0x0000000081000de0                exit
 .text          0x0000000081000df0       0x84 binaries/freebuf.o
                0x0000000081000df0                freebuf
 .text          0x0000000081000e74      0x150 binaries/freemem.o
                0x0000000081000e74                freemem
 .text          0x0000000081000fc4      0xad0 binaries/fs.o
                0x0000000081000fc4                fs_open
                0x0000000081001040                fs_close
                0x0000000081001068                fs_seek
                0x0000000081001084                fs_mount
                0x00000000810010dc                fs_fileblock_to_diskblock
                0x0000000081001118                fs_get_inode_by_num
                0x00000000810011dc                fs_read
                0x00000000810012f8                fs_put_inode_by_num
                0x00000000810013e0                fs_print_fsd
                0x0000000081001474                fs_setmaskbit
                0x00000000810014b8                fs_create
                0x0000000081001658                fs_mkfs
                0x00000000810017c8                fs_getmaskbit
                0x0000000081001804                fs_write
                0x00000000810019a8                fs_clearmaskbit
                0x00000000810019ec                fs_printfreemask
 .text          0x0000000081001a94       0xc0 binaries/future_alloc.o
                0x0000000081001a94                future_alloc
 .text          0x0000000081001b54       0xe4 binaries/future_free.o
                0x0000000081001b54                future_free
 .text          0x0000000081001c38       0xf0 binaries/future_get.o
                0x0000000081001c38                future_get
 .text          0x0000000081001d28       0xa8 binaries/future_set.o
                0x0000000081001d28                future_set
 .text          0x0000000081001dd0       0x7c binaries/getbuf.o
                0x0000000081001dd0                getbuf
 .text          0x0000000081001e4c       0x5c binaries/getc.o
                0x0000000081001e4c                getc
 .text          0x0000000081001ea8       0x68 binaries/getdev.o
                0x0000000081001ea8                getdev
 .text          0x0000000081001f10       0xa0 binaries/getitem.o
                0x0000000081001f10                getitem
                0x0000000081001f40                getfirst
                0x0000000081001f74                getlast
 .text          0x0000000081001fb0      0x128 binaries/getmemBest.o
                0x0000000081001fb0                getmemBest
 .text          0x00000000810020d8      0x108 binaries/getmem.o
                0x00000000810020d8                getmem
 .text          0x00000000810021e0       0x68 binaries/getmemList.o
                0x00000000810021e0                getmemList
 .text          0x0000000081002248       0x10 binaries/getpid.o
                0x0000000081002248                getpid
 .text          0x0000000081002258       0x5c binaries/getprio.o
                0x0000000081002258                getprio
 .text          0x00000000810022b4       0x54 binaries/getProName.o
                0x00000000810022b4                getProName
 .text          0x0000000081002308      0x128 binaries/getstkBest.o
                0x0000000081002308                getstkBest
 .text          0x0000000081002430       0xd0 binaries/getstk.o
                0x0000000081002430                getstk
 .text          0x0000000081002500       0x38 binaries/gettime.o
                0x0000000081002500                gettime
 .text          0x0000000081002538      0x1c8 binaries/getutime.o
                0x0000000081002538                getutime
 .text          0x0000000081002700       0x5c binaries/init.o
                0x0000000081002700                init
 .text          0x000000008100275c      0x2f8 binaries/initialize.o
                0x000000008100275c                nulluser
                0x00000000810029f4                stop
                0x0000000081002a18                delay
 .text          0x0000000081002a54       0xc0 binaries/insert.o
                0x0000000081002a54                insert
 .text          0x0000000081002b14      0x12c binaries/insertd.o
                0x0000000081002b14                insertd
 .text          0x0000000081002c40        0x8 binaries/ioerr.o
                0x0000000081002c40                ioerr
 .text          0x0000000081002c48        0x8 binaries/ionull.o
                0x0000000081002c48                ionull
 .text          0x0000000081002c50      0x190 binaries/kill.o
                0x0000000081002c50                kill
 .text          0x0000000081002de0       0xb4 binaries/kprintf.o
                0x0000000081002de0                kputc
                0x0000000081002e20                kgetc
                0x0000000081002e54                kprintf
 .text          0x0000000081002e94      0x118 binaries/main.o
                0x0000000081002e94                counterproc
                0x0000000081002ed0                main
 .text          0x0000000081002fac       0xd0 binaries/mark.o
                0x0000000081002fac                markinit
                0x0000000081002fd8                mark
 .text          0x000000008100307c       0x44 binaries/meminit.o
                0x000000008100307c                meminit
 .text          0x00000000810030c0      0x138 binaries/mkbufpool.o
                0x00000000810030c0                mkbufpool
 .text          0x00000000810031f8       0xdc binaries/netIPC.o
                0x00000000810031f8                net_send
                0x0000000081003268                net_recv
 .text          0x00000000810032d4       0xdc binaries/net_udp_receive.o
                0x00000000810032d4                power
                0x00000000810032fc                net_udp_receive
 .text          0x00000000810033b0       0x88 binaries/newqueue.o
                0x00000000810033b0                newqueue
 .text          0x0000000081003438       0x68 binaries/open.o
                0x0000000081003438                open
 .text          0x00000000810034a0       0x20 binaries/panic.o
                0x00000000810034a0                panic
 .text          0x00000000810034c0       0x48 binaries/platinit.o
                0x00000000810034c0                platinit
 .text          0x0000000081003508      0x14c binaries/port_futures.o
                0x0000000081003508                initPortFuture
                0x000000008100352c                addPortFuture
                0x00000000810035f4                checkPortFuture
 .text          0x0000000081003654       0xa8 binaries/ptclear.o
                0x0000000081003654                _ptclear
 .text          0x00000000810036fc       0x90 binaries/ptcount.o
                0x00000000810036fc                ptcount
 .text          0x000000008100378c      0x100 binaries/ptcreate.o
                0x000000008100378c                ptcreate
 .text          0x000000008100388c       0x70 binaries/ptdelete.o
                0x000000008100388c                ptdelete
 .text          0x00000000810038fc       0xbc binaries/ptinit.o
                0x00000000810038fc                ptinit
 .text          0x00000000810039b8      0x144 binaries/ptrecv.o
                0x00000000810039b8                ptrecv
 .text          0x0000000081003afc       0x6c binaries/ptreset.o
                0x0000000081003afc                ptreset
 .text          0x0000000081003b68      0x15c binaries/ptsend.o
                0x0000000081003b68                ptsend
 .text          0x0000000081003cc4       0x64 binaries/putc.o
                0x0000000081003cc4                putc
 .text          0x0000000081003d28       0xe0 binaries/queue.o
                0x0000000081003d28                enqueue
                0x0000000081003dac                dequeue
 .text          0x0000000081003e08       0xb8 binaries/queue_fut.o
                0x0000000081003e08                enqueueFut
                0x0000000081003e48                dequeueFut
                0x0000000081003ea8                isEmpty
 .text          0x0000000081003ec0       0x68 binaries/read.o
                0x0000000081003ec0                read
 .text          0x0000000081003f28       0x74 binaries/ready.o
                0x0000000081003f28                ready
 .text          0x0000000081003f9c       0x84 binaries/receive.o
                0x0000000081003f9c                receive
 .text          0x0000000081004020       0x64 binaries/recvclr.o
                0x0000000081004020                recvclr
 .text          0x0000000081004084       0xe0 binaries/recvtime.o
                0x0000000081004084                recvtime
 .text          0x0000000081004164      0x1d0 binaries/resched.o
                0x0000000081004164                resched
                0x0000000081004280                resched_cntl
 .text          0x0000000081004334       0x88 binaries/resume.o
                0x0000000081004334                resume
 .text          0x00000000810043bc       0x64 binaries/seek.o
                0x00000000810043bc                seek
 .text          0x0000000081004420       0x58 binaries/semcount.o
                0x0000000081004420                semcount
 .text          0x0000000081004478       0xb8 binaries/semcreate.o
                0x0000000081004478                semcreate
 .text          0x0000000081004530       0xc8 binaries/semdelete.o
                0x0000000081004530                semdelete
 .text          0x00000000810045f8       0xb4 binaries/semreset.o
                0x00000000810045f8                semreset
 .text          0x00000000810046ac       0xc8 binaries/send.o
                0x00000000810046ac                send
 .text          0x0000000081004774       0x98 binaries/signal.o
                0x0000000081004774                signal
 .text          0x000000008100480c       0xb8 binaries/signaln.o
                0x000000008100480c                signaln
 .text          0x00000000810048c4       0xd4 binaries/sleep.o
                0x00000000810048c4                sleepms
                0x0000000081004964                sleep
 .text          0x0000000081004998       0xd0 binaries/suspend.o
                0x0000000081004998                suspend
 .text          0x0000000081004a68       0xa4 binaries/unsleep.o
                0x0000000081004a68                unsleep
 .text          0x0000000081004b0c       0x10 binaries/userret.o
                0x0000000081004b0c                userret
 .text          0x0000000081004b1c       0xc4 binaries/wait.o
                0x0000000081004b1c                wait
 .text          0x0000000081004be0       0x90 binaries/wakeup.o
                0x0000000081004be0                wakeup
 .text          0x0000000081004c70       0x68 binaries/write.o
                0x0000000081004c70                write
 .text          0x0000000081004cd8       0x18 binaries/xdone.o
                0x0000000081004cd8                xdone
 .text          0x0000000081004cf0       0x20 binaries/yield.o
                0x0000000081004cf0                yield
 .text          0x0000000081004d10        0xc binaries/abs.o
                0x0000000081004d10                abs
 .text          0x0000000081004d1c      0x130 binaries/atoi.o
                0x0000000081004d1c                atoi
 .text          0x0000000081004e4c      0x130 binaries/atol.o
                0x0000000081004e4c                atol
 .text          0x0000000081004f7c       0x20 binaries/bzero.o
                0x0000000081004f7c                bzero
 .text          0x0000000081004f9c        0x0 binaries/ctype_.o
 .text          0x0000000081004f9c      0x968 binaries/doprnt.o
                0x000000008100518c                _doprnt
 .text          0x0000000081005904      0x728 binaries/doscan.o
                0x0000000081005904                _doscan
 .text          0x000000008100602c      0x8c0 binaries/fdoprnt.o
                0x00000000810060dc                _fdoprnt
 .text          0x00000000810068ec       0x14 binaries/fgetc.o
                0x00000000810068ec                fgetc
 .text          0x0000000081006900       0x84 binaries/fgets.o
                0x0000000081006900                fgets
 .text          0x0000000081006984       0x3c binaries/fprintf.o
                0x0000000081006984                fprintf
 .text          0x00000000810069c0       0x24 binaries/fputc.o
                0x00000000810069c0                fputc
 .text          0x00000000810069e4       0x38 binaries/fputs.o
                0x00000000810069e4                fputs
 .text          0x0000000081006a1c       0x78 binaries/fscanf.o
                0x0000000081006a50                fscanf
 .text          0x0000000081006a94       0x2c binaries/getchar.o
                0x0000000081006a94                getchar
 .text          0x0000000081006ac0        0xc binaries/labs.o
                0x0000000081006ac0                labs
 .text          0x0000000081006acc       0x40 binaries/memchr.o
                0x0000000081006acc                memchr
 .text          0x0000000081006b0c       0x58 binaries/memcmp.o
                0x0000000081006b0c                memcmp
 .text          0x0000000081006b64       0x24 binaries/memcpy.o
                0x0000000081006b64                memcpy
 .text          0x0000000081006b88       0x20 binaries/memset.o
                0x0000000081006b88                memset
 .text          0x0000000081006ba8       0x58 binaries/printf.o
                0x0000000081006ba8                printf
 .text          0x0000000081006c00       0x2c binaries/putchar.o
                0x0000000081006c00                putchar
 .text          0x0000000081006c2c      0x238 binaries/qsort.o
                0x0000000081006e44                qsort
 .text          0x0000000081006e64       0x38 binaries/rand.o
                0x0000000081006e64                srand
                0x0000000081006e74                rand
 .text          0x0000000081006e9c       0x68 binaries/sprintf.o
                0x0000000081006eb4                sprintf
 .text          0x0000000081006f04       0x78 binaries/sscanf.o
                0x0000000081006f38                sscanf
 .text          0x0000000081006f7c       0x40 binaries/strchr.o
                0x0000000081006f7c                strchr
 .text          0x0000000081006fbc       0x54 binaries/strcmp.o
                0x0000000081006fbc                strcmp
 .text          0x0000000081007010       0x1c binaries/strcpy.o
                0x0000000081007010                strcpy
 .text          0x000000008100702c       0x30 binaries/strlen.o
                0x000000008100702c                strlen
 .text          0x000000008100705c       0x50 binaries/strncat.o
                0x000000008100705c                strncat
 .text          0x00000000810070ac       0x50 binaries/strncmp.o
                0x00000000810070ac                strncmp
 .text          0x00000000810070fc       0x80 binaries/strncpy.o
                0x00000000810070fc                strncpy
 .text          0x000000008100717c       0x50 binaries/strnlen.o
                0x000000008100717c                strnlen
 .text          0x00000000810071cc       0x40 binaries/strrchr.o
                0x00000000810071cc                strrchr
 .text          0x000000008100720c       0xb0 binaries/strstr.o
                0x000000008100720c                strstr
 .text          0x00000000810072bc      0x154 binaries/ttycontrol.o
                0x00000000810072bc                ttycontrol
 .text          0x0000000081007410       0xc8 binaries/ttygetc.o
                0x0000000081007410                ttygetc
 .text          0x00000000810074d8      0x4d4 binaries/ttyhandle_in.o
                0x00000000810075a4                ttyhandle_in
 .text          0x00000000810079ac      0x16c binaries/ttyhandle_out.o
                0x00000000810079ac                ttyhandle_out
 .text          0x0000000081007b18       0xcc binaries/ttyhandler.o
                0x0000000081007b18                ttyhandler
 .text          0x0000000081007be4      0x144 binaries/ttyinit.o
                0x0000000081007be4                ttyinit
 .text          0x0000000081007d28        0xc binaries/ttykickout.o
                0x0000000081007d28                ttykickout
 .text          0x0000000081007d34       0x9c binaries/ttyputc.o
                0x0000000081007d34                ttyputc
 .text          0x0000000081007dd0      0x134 binaries/ttyread.o
                0x0000000081007dd0                ttyread
 .text          0x0000000081007f04       0x48 binaries/ttywrite.o
                0x0000000081007f04                ttywrite
 .text          0x0000000081007f4c      0x160 binaries/mount.o
                0x0000000081007f4c                namlen
                0x0000000081007fa4                mount
 .text          0x00000000810080ac      0x1c0 binaries/naminit.o
                0x00000000810080ac                naminit
 .text          0x000000008100826c      0x24c binaries/nammap.o
                0x000000008100826c                namrepl
                0x00000000810083bc                namcpy
                0x0000000081008418                nammap
 .text          0x00000000810084b8       0x40 binaries/namopen.o
                0x00000000810084b8                namopen
 .text          0x00000000810084f8      0x108 binaries/colon2mac.o
                0x00000000810084f8                colon2mac
 .text          0x0000000081008600       0x44 binaries/ethcontrol.o
                0x0000000081008600                ethcontrol
 .text          0x0000000081008644      0x178 binaries/ethhandler.o
                0x0000000081008644                ethhandler
 .text          0x00000000810087bc      0x7f8 binaries/ethinit.o
                0x00000000810087bc                eth_phy_read
                0x0000000081008820                eth_phy_write
                0x0000000081008868                eth_phy_reset
                0x00000000810089c8                ethinit
 .text          0x0000000081008fb4       0xf8 binaries/ethread.o
                0x0000000081008fb4                ethread
 .text          0x00000000810090ac      0x120 binaries/ethwrite.o
                0x00000000810090ac                ethwrite
 .text          0x00000000810091cc       0x88 binaries/rdsbufalloc.o
                0x00000000810091cc                rdsbufalloc
 .text          0x0000000081009254       0xe8 binaries/rdsclose.o
                0x0000000081009254                rdsclose
 .text          0x000000008100933c      0x1e8 binaries/rdscomm.o
                0x000000008100933c                rdscomm
 .text          0x0000000081009524      0x1b0 binaries/rdscontrol.o
                0x0000000081009524                rdscontrol
 .text          0x00000000810096d4      0x1e0 binaries/rdsinit.o
                0x00000000810096d4                rdsinit
 .text          0x00000000810098b4      0x1a0 binaries/rdsopen.o
                0x00000000810098b4                rdsopen
 .text          0x0000000081009a54      0x2d4 binaries/rdsprocess.o
                0x0000000081009a54                rdsprocess
 .text          0x0000000081009d28      0x240 binaries/rdsread.o
                0x0000000081009d28                rdsread
 .text          0x0000000081009f68      0x1d0 binaries/rdswrite.o
                0x0000000081009f68                rdswrite
 .text          0x000000008100a138        0x8 binaries/ramclose.o
                0x000000008100a138                ramclose
 .text          0x000000008100a140       0x3c binaries/raminit.o
                0x000000008100a140                raminit
 .text          0x000000008100a17c        0x8 binaries/ramopen.o
                0x000000008100a17c                ramopen
 .text          0x000000008100a184       0x24 binaries/ramread.o
                0x000000008100a184                ramread
 .text          0x000000008100a1a8       0x20 binaries/ramwrite.o
                0x000000008100a1a8                ramwrite
 .text          0x000000008100a1c8       0x94 binaries/lfdballoc.o
                0x000000008100a1c8                lfdballoc
 .text          0x000000008100a25c       0x4c binaries/lfdbfree.o
                0x000000008100a25c                lfdbfree
 .text          0x000000008100a2a8       0xb8 binaries/lfflush.o
                0x000000008100a2a8                lfflush
 .text          0x000000008100a360       0xc8 binaries/lfgetmode.o
                0x000000008100a360                lfgetmode
 .text          0x000000008100a428       0x6c binaries/lfiballoc.o
                0x000000008100a428                lfiballoc
 .text          0x000000008100a494       0x28 binaries/lfibclear.o
                0x000000008100a494                lfibclear
 .text          0x000000008100a4bc       0x64 binaries/lfibget.o
                0x000000008100a4bc                lfibget
 .text          0x000000008100a520       0x90 binaries/lfibput.o
                0x000000008100a520                lfibput
 .text          0x000000008100a5b0       0xc4 binaries/lflclose.o
                0x000000008100a5b0                lflclose
 .text          0x000000008100a674       0xc8 binaries/lflcontrol.o
                0x000000008100a674                lflcontrol
 .text          0x000000008100a73c      0x10c binaries/lflgetc.o
                0x000000008100a73c                lflgetc
 .text          0x000000008100a848       0xd0 binaries/lflinit.o
                0x000000008100a848                lflinit
 .text          0x000000008100a918      0x14c binaries/lflputc.o
                0x000000008100a918                lflputc
 .text          0x000000008100aa64       0x70 binaries/lflread.o
                0x000000008100aa64                lflread
 .text          0x000000008100aad4       0xc0 binaries/lflseek.o
                0x000000008100aad4                lflseek
 .text          0x000000008100ab94       0x50 binaries/lflwrite.o
                0x000000008100ab94                lflwrite
 .text          0x000000008100abe4      0x11c binaries/lfsckfmt.o
                0x000000008100abe4                lfsckfmt
 .text          0x000000008100ad00      0x15c binaries/lfscreate.o
                0x000000008100ad00                lfscreate
 .text          0x000000008100ae5c      0x1f0 binaries/lfsetup.o
                0x000000008100ae5c                lfsetup
 .text          0x000000008100b04c       0x44 binaries/lfsinit.o
                0x000000008100b04c                lfsinit
 .text          0x000000008100b090      0x378 binaries/lfsopen.o
                0x000000008100b090                lfsopen
 .text          0x000000008100b408      0x110 binaries/lftruncate.o
                0x000000008100b408                lftruncate
 .text          0x000000008100b518       0x7c binaries/rflclose.o
                0x000000008100b518                rflclose
 .text          0x000000008100b594       0x28 binaries/rflgetc.o
                0x000000008100b594                rflgetc
 .text          0x000000008100b5bc       0x88 binaries/rflinit.o
                0x000000008100b5bc                rflinit
 .text          0x000000008100b644       0x2c binaries/rflputc.o
                0x000000008100b644                rflputc
 .text          0x000000008100b670      0x2c4 binaries/rflread.o
                0x000000008100b670                rflread
 .text          0x000000008100b934       0x7c binaries/rflseek.o
                0x000000008100b934                rflseek
 .text          0x000000008100b9b0      0x2e0 binaries/rflwrite.o
                0x000000008100b9b0                rflwrite
 .text          0x000000008100bc90      0x198 binaries/rfscomm.o
                0x000000008100bc90                rfscomm
 .text          0x000000008100be28      0x224 binaries/rfscontrol.o
                0x000000008100be28                rfscontrol
 .text          0x000000008100c04c       0xc8 binaries/rfsgetmode.o
                0x000000008100c04c                rfsgetmode
 .text          0x000000008100c114       0x84 binaries/rfsinit.o
                0x000000008100c114                rfsinit
 .text          0x000000008100c198       0x98 binaries/rfsndmsg.o
                0x000000008100c198                rfsndmsg
 .text          0x000000008100c230      0x238 binaries/rfsopen.o
                0x000000008100c230                rfsopen
 .text          0x000000008100c468      0x81c binaries/arp.o
                0x000000008100c468                arp_init
                0x000000008100c488                arp_alloc
                0x000000008100c560                arp_ntoh
                0x000000008100c604                arp_hton
                0x000000008100c6a8                arp_resolve
                0x000000008100c974                arp_in
 .text          0x000000008100cc84      0xd78 binaries/dhcp.o
                0x000000008100cc84                dump_dhcp_msg
                0x000000008100d2a8                get_dhcp_option_value
                0x000000008100d304                build_dhcp_discover
                0x000000008100d430                build_dhcp_request
                0x000000008100d5dc                getlocalip_boot
                0x000000008100d9e4                getlocalip
 .text          0x000000008100d9fc      0x414 binaries/dns.o
                0x000000008100d9fc                dns_bldq
                0x000000008100daa8                dns_getrname
                0x000000008100db6c                dns_geta
                0x000000008100dc9c                dns_qa
 .text          0x000000008100de10      0x108 binaries/dot2ip.o
                0x000000008100de10                dot2ip
 .text          0x000000008100df18      0x328 binaries/hexdump.o
                0x000000008100df18                hexdump
                0x000000008100e064                hexadump
 .text          0x000000008100e240      0x71c binaries/icmp.o
                0x000000008100e240                icmp_init
                0x000000008100e264                icmp_register
                0x000000008100e324                icmp_recv
                0x000000008100e4c4                icmp_mkpkt
                0x000000008100e5b4                icmp_in
                0x000000008100e740                icmp_send
                0x000000008100e7b0                icmp_release
                0x000000008100e898                icmp_cksum
                0x000000008100e8f4                icmp_hton
                0x000000008100e928                icmp_ntoh
 .text          0x000000008100e95c      0x67c binaries/ip.o
                0x000000008100e95c                ip_local
                0x000000008100e98c                ipcksum
                0x000000008100e9d0                ip_ntoh
                0x000000008100ea74                ip_in
                0x000000008100eba4                ip_hton
                0x000000008100ec48                ip_out
                0x000000008100ecfc                ip_send
                0x000000008100ee2c                ipout
                0x000000008100ef3c                ip_enqueue
 .text          0x000000008100efd8      0x1c4 binaries/net.o
                0x000000008100efd8                net_init
                0x000000008100f0d0                eth_hton
                0x000000008100f0e4                eth_ntoh
                0x000000008100f0f8                netin
 .text          0x000000008100f19c       0xf8 binaries/netstart.o
                0x000000008100f19c                netstart
 .text          0x000000008100f294      0x9dc binaries/pdump.o
                0x000000008100f294                pdump
                0x000000008100f820                pdumph
 .text          0x000000008100fc70      0x580 binaries/tftp.o
                0x000000008100fc70                tftp_send1
                0x000000008100fd5c                tftpget_mb
                0x00000000810101bc                tftpget
 .text          0x00000000810101f0      0xa40 binaries/udp.o
                0x00000000810101f0                udp_init
                0x0000000081010218                udp_in
                0x0000000081010368                udp_register
                0x0000000081010470                udp_recv
                0x000000008101060c                udp_recvaddr
                0x00000000810107c4                udp_send
                0x000000008101096c                udp_sendto
                0x0000000081010ad8                udp_release
                0x0000000081010bc8                udp_ntoh
                0x0000000081010bfc                udp_hton
 .text          0x0000000081010c30      0x13c binaries/addargs.o
                0x0000000081010c30                addargs
 .text          0x0000000081010d6c      0x28c binaries/lexan.o
                0x0000000081010d6c                lexan
 .text          0x0000000081010ff8      0x68c binaries/shell.o
                0x0000000081010ff8                shell
 .text          0x0000000081011684       0x64 binaries/xsh_argecho.o
                0x0000000081011684                xsh_argecho
 .text          0x00000000810116e8      0x1e8 binaries/xsh_arp.o
                0x00000000810116e8                xsh_arp
 .text          0x00000000810118d0      0x234 binaries/xsh_cat.o
                0x00000000810118d0                xsh_cat
 .text          0x0000000081011b04      0x200 binaries/xsh_chat.o
                0x0000000081011b04                xsh_chat
 .text          0x0000000081011d04       0x5c binaries/xsh_clear.o
                0x0000000081011d04                xsh_clear
 .text          0x0000000081011d60      0x29c binaries/xsh_date.o
                0x0000000081011d60                xsh_date
 .text          0x0000000081011ffc       0x98 binaries/xsh_devdump.o
                0x0000000081011ffc                xsh_devdump
 .text          0x0000000081012094       0x68 binaries/xsh_echo.o
                0x0000000081012094                xsh_echo
 .text          0x00000000810120fc        0x8 binaries/xsh_exit.o
                0x00000000810120fc                xsh_exit
 .text          0x0000000081012104      0x17c binaries/xsh_freememwalk.o
                0x0000000081012104                xsh_freememwalk
 .text          0x0000000081012280      0x260 binaries/xsh_fstest.o
                0x0000000081012280                xsh_fstest
 .text          0x00000000810124e0      0x1ec binaries/xsh_hello.o
                0x00000000810124e0                xsh_hello
 .text          0x00000000810126cc      0x3b8 binaries/xsh_help.o
                0x00000000810126cc                xsh_help
 .text          0x0000000081012a84      0x354 binaries/xsh_ipaddr.o
                0x0000000081012a84                xsh_ipaddr
 .text          0x0000000081012dd8      0x1fc binaries/xsh_kill.o
                0x0000000081012dd8                xsh_kill
 .text          0x0000000081012fd4      0x2ac binaries/xsh_led.o
                0x0000000081012fd4                xsh_led
 .text          0x0000000081013280      0x434 binaries/xsh_memdump.o
                0x0000000081013374                xsh_memdump
 .text          0x00000000810136b4      0x224 binaries/xsh_memstat.o
                0x00000000810136b4                xsh_memstat
 .text          0x00000000810138d8      0x1bc binaries/xsh_network_futures.o
                0x00000000810138d8                xsh_network_futures
 .text          0x0000000081013a94      0x3b8 binaries/xsh_ping.o
                0x0000000081013a94                xsh_ping
 .text          0x0000000081013e4c      0x4ac binaries/xsh_prodcons.o
                0x0000000081013e4c                xsh_prodcons
 .text          0x00000000810142f8      0x220 binaries/xsh_ps.o
                0x00000000810142f8                xsh_ps
 .text          0x0000000081014518       0xfc binaries/xsh_reset.o
                0x0000000081014518                xsh_reset
 .text          0x0000000081014614      0x1d4 binaries/xsh_sleep.o
                0x0000000081014614                xsh_sleep
 .text          0x00000000810147e8      0x244 binaries/xsh_udpdump.o
                0x00000000810147e8                xsh_udpdump
 .text          0x0000000081014a2c      0x3fc binaries/xsh_udpecho.o
                0x0000000081014a2c                xsh_udpecho
 .text          0x0000000081014e28      0x250 binaries/xsh_udpeserver.o
                0x0000000081014e28                xsh_udpeserver
 .text          0x0000000081015078      0x1b4 binaries/xsh_uptime.o
                0x0000000081015078                xsh_uptime
 .text          0x000000008101522c       0xe0 binaries/child_consumer.o
                0x000000008101522c                child_consumer
 .text          0x000000008101530c       0x7c binaries/consume.o
                0x000000008101530c                consumer
 .text          0x0000000081015388       0x44 binaries/free_mem_walk.o
                0x0000000081015388                free_mem_walk
 .text          0x00000000810153cc      0x208 binaries/future_cons.o
                0x00000000810153cc                future_cons
 .text          0x00000000810155d4      0x294 binaries/future_prod.o
                0x00000000810155d4                future_prod
 .text          0x0000000081015868       0x64 binaries/produce.o
                0x0000000081015868                producer
 .text          0x00000000810158cc       0x2c binaries/ctxsw.o
                0x00000000810158cc                ctxsw
 .text          0x00000000810158f8      0x100 binaries/intr.o
                0x00000000810158f8                disable
                0x0000000081015904                restore
                0x0000000081015928                enable
                0x0000000081015930                pause
                0x0000000081015930                halt
                0x0000000081015938                irq_except
                0x0000000081015968                initevec
                0x00000000810159c8                expjmpinstr
 .text          0x00000000810159f8      0x114 /usr/lib/gcc/arm-none-eabi/4.9.3/libgcc.a(_udivsi3.o)
                0x00000000810159f8                __udivsi3
                0x00000000810159f8                __aeabi_uidiv
                0x0000000081015aec                __aeabi_uidivmod
 .text          0x0000000081015b0c      0x148 /usr/lib/gcc/arm-none-eabi/4.9.3/libgcc.a(_divsi3.o)
                0x0000000081015b0c                __aeabi_idiv
                0x0000000081015b0c                __divsi3
                0x0000000081015c34                __aeabi_idivmod
 .text          0x0000000081015c54        0x4 /usr/lib/gcc/arm-none-eabi/4.9.3/libgcc.a(_dvmd_tls.o)
                0x0000000081015c54                __aeabi_ldiv0
                0x0000000081015c54                __aeabi_idiv0
 *(.rodata .rodata.*)
 .rodata.str1.4
                0x0000000081015c58       0x78 binaries/ascdate.o
 .rodata.str1.4
                0x0000000081015cd0       0x50 binaries/bs.o
 .rodata.str1.4
                0x0000000081015d20       0xcb binaries/conf.o
 *fill*         0x0000000081015deb        0x1 
 .rodata.str1.4
                0x0000000081015dec      0x128 binaries/fs.o
                                        0x142 (size before relaxing)
 .rodata.str1.4
                0x0000000081015f14       0x4d binaries/getmemList.o
 *fill*         0x0000000081015f61        0x3 
 .rodata.str1.4
                0x0000000081015f64       0x60 binaries/getutime.o
 .rodata.str1.4
                0x0000000081015fc4      0x16c binaries/initialize.o
                                        0x170 (size before relaxing)
 .rodata.str1.4
                0x0000000081016130       0x62 binaries/main.o
 *fill*         0x0000000081016192        0x2 
 .rodata.str1.4
                0x0000000081016194        0x6 binaries/netIPC.o
 *fill*         0x000000008101619a        0x2 
 .rodata.str1.4
                0x000000008101619c        0xf binaries/net_udp_receive.o
 *fill*         0x00000000810161ab        0x1 
 .rodata.str1.4
                0x00000000810161ac       0x10 binaries/panic.o
 .rodata.str1.4
                0x00000000810161bc       0x1f binaries/port_futures.o
 *fill*         0x00000000810161db        0x1 
 .rodata.str1.4
                0x00000000810161dc       0x1c binaries/ptinit.o
 .rodata.str1.4
                0x00000000810161f8       0x25 binaries/ptsend.o
 *fill*         0x000000008101621d        0x3 
 .rodata.str1.4
                0x0000000081016220       0x27 binaries/xdone.o
 *fill*         0x0000000081016247        0x1 
 .rodata        0x0000000081016248       0x81 binaries/ctype_.o
                0x0000000081016248                _ctype_
 *fill*         0x00000000810162c9        0x3 
 .rodata.str1.4
                0x00000000810162cc       0x2f binaries/doprnt.o
 .rodata.str1.4
                0x0000000000000000       0x2d binaries/fdoprnt.o
 *fill*         0x00000000810162fb        0x1 
 .rodata.str1.4
                0x00000000810162fc       0x86 binaries/naminit.o
                                         0x8e (size before relaxing)
 *fill*         0x0000000081016382        0x2 
 .rodata.str1.4
                0x0000000081016384       0xe5 binaries/ethinit.o
 *fill*         0x0000000081016469        0x3 
 .rodata.str1.4
                0x000000008101646c       0x12 binaries/ethread.o
 *fill*         0x000000008101647e        0x2 
 .rodata.str1.4
                0x0000000081016480       0x2c binaries/rdsbufalloc.o
 .rodata.str1.4
                0x00000000810164ac       0x76 binaries/rdscomm.o
 *fill*         0x0000000081016522        0x2 
 .rodata.str1.4
                0x0000000081016524       0x48 binaries/rdscontrol.o
 .rodata.str1.4
                0x000000008101656c       0x96 binaries/rdsinit.o
 *fill*         0x0000000081016602        0x2 
 .rodata.str1.4
                0x0000000081016604       0x22 binaries/rdsopen.o
 *fill*         0x0000000081016626        0x2 
 .rodata.str1.4
                0x0000000081016628       0x4d binaries/rdsprocess.o
 *fill*         0x0000000081016675        0x3 
 .rodata.str1.4
                0x0000000081016678        0x9 binaries/raminit.o
 *fill*         0x0000000081016681        0x3 
 .rodata.str1.4
                0x0000000081016684       0x37 binaries/lfdballoc.o
 *fill*         0x00000000810166bb        0x1 
 .rodata.str1.4
                0x00000000810166bc       0x14 binaries/lfiballoc.o
 .rodata.str1.4
                0x00000000810166d0       0x23 binaries/lflcontrol.o
 *fill*         0x00000000810166f3        0x1 
 .rodata.str1.4
                0x00000000810166f4       0xbb binaries/lfsckfmt.o
 *fill*         0x00000000810167af        0x1 
 .rodata.str1.4
                0x00000000810167b0       0x21 binaries/rflread.o
 .rodata.str1.4
                0x0000000000000000       0x21 binaries/rflwrite.o
 *fill*         0x00000000810167d1        0x3 
 .rodata.str1.4
                0x00000000810167d4       0x75 binaries/rfscomm.o
 *fill*         0x0000000081016849        0x3 
 .rodata.str1.4
                0x000000008101684c       0x23 binaries/rfscontrol.o
 *fill*         0x000000008101686f        0x1 
 .rodata.str1.4
                0x0000000081016870       0x63 binaries/rfsinit.o
 *fill*         0x00000000810168d3        0x1 
 .rodata.str1.4
                0x00000000810168d4       0x2a binaries/rfsndmsg.o
 .rodata.str1.4
                0x0000000000000000       0x22 binaries/rfsopen.o
 *fill*         0x00000000810168fe        0x2 
 .rodata.str1.4
                0x0000000081016900       0x3d binaries/arp.o
 *fill*         0x000000008101693d        0x3 
 .rodata.str1.4
                0x0000000081016940      0x462 binaries/dhcp.o
                                        0x466 (size before relaxing)
 *fill*         0x0000000081016da2        0x2 
 .rodata.str1.4
                0x0000000081016da4       0xca binaries/hexdump.o
                                         0xd6 (size before relaxing)
 *fill*         0x0000000081016e6e        0x2 
 .rodata.str1.4
                0x0000000081016e70       0x29 binaries/icmp.o
 *fill*         0x0000000081016e99        0x3 
 .rodata.str1.4
                0x0000000081016e9c       0x52 binaries/ip.o
 *fill*         0x0000000081016eee        0x2 
 .rodata.str1.4
                0x0000000081016ef0       0x53 binaries/net.o
 *fill*         0x0000000081016f43        0x1 
 .rodata.str1.4
                0x0000000081016f44       0x8f binaries/netstart.o
 *fill*         0x0000000081016fd3        0x1 
 .rodata.str1.4
                0x0000000081016fd4      0x292 binaries/pdump.o
                                        0x296 (size before relaxing)
 *fill*         0x0000000081017266        0x2 
 .rodata.str1.4
                0x0000000081017268      0x178 binaries/tftp.o
                                        0x17c (size before relaxing)
 .rodata        0x00000000810173e0      0x150 binaries/shell.o
                0x00000000810173e0                cmdtab
 .rodata.str1.4
                0x0000000081017530      0x32c binaries/shell.o
                                        0x33c (size before relaxing)
 .rodata.str1.4
                0x000000008101785c       0x29 binaries/xsh_argecho.o
                                         0x2e (size before relaxing)
 *fill*         0x0000000081017885        0x3 
 .rodata.str1.4
                0x0000000081017888      0x17e binaries/xsh_arp.o
                                        0x182 (size before relaxing)
 *fill*         0x0000000081017a06        0x2 
 .rodata.str1.4
                0x0000000081017a08       0x81 binaries/xsh_cat.o
                                         0xd1 (size before relaxing)
 *fill*         0x0000000081017a89        0x3 
 .rodata.str1.4
                0x0000000081017a8c      0x186 binaries/xsh_chat.o
                                        0x19e (size before relaxing)
 *fill*         0x0000000081017c12        0x2 
 .rodata.str1.4
                0x0000000081017c14       0x15 binaries/xsh_clear.o
 *fill*         0x0000000081017c29        0x3 
 .rodata.str1.4
                0x0000000081017c2c      0x107 binaries/xsh_date.o
                                        0x1cb (size before relaxing)
 *fill*         0x0000000081017d33        0x1 
 .rodata.str1.4
                0x0000000081017d34       0x61 binaries/xsh_devdump.o
 *fill*         0x0000000081017d95        0x3 
 .rodata.str1.4
                0x0000000081017d98        0x8 binaries/xsh_echo.o
                                          0xa (size before relaxing)
 .rodata.str1.4
                0x0000000081017da0      0x112 binaries/xsh_freememwalk.o
                                        0x1be (size before relaxing)
 *fill*         0x0000000081017eb2        0x2 
 .rodata        0x0000000081017eb4        0x2 binaries/xsh_fstest.o
 *fill*         0x0000000081017eb6        0x2 
 .rodata.str1.4
                0x0000000081017eb8       0xbd binaries/xsh_fstest.o
                                        0x151 (size before relaxing)
 *fill*         0x0000000081017f75        0x3 
 .rodata.str1.4
                0x0000000081017f78       0x71 binaries/xsh_hello.o
                                        0x176 (size before relaxing)
 *fill*         0x0000000081017fe9        0x3 
 .rodata.str1.4
                0x0000000081017fec       0xe7 binaries/xsh_help.o
                                        0x17a (size before relaxing)
 *fill*         0x00000000810180d3        0x1 
 .rodata.str1.4
                0x00000000810180d4       0xfb binaries/xsh_ipaddr.o
                                        0x1ab (size before relaxing)
 *fill*         0x00000000810181cf        0x1 
 .rodata.str1.4
                0x00000000810181d0       0xc8 binaries/xsh_kill.o
                                        0x136 (size before relaxing)
 .rodata.str1.4
                0x0000000081018298       0xf7 binaries/xsh_led.o
                                        0x16b (size before relaxing)
 *fill*         0x000000008101838f        0x1 
 .rodata.str1.4
                0x0000000081018390      0x1ca binaries/xsh_memdump.o
                                        0x262 (size before relaxing)
 *fill*         0x000000008101855a        0x2 
 .rodata.str1.4
                0x000000008101855c      0x1cc binaries/xsh_memstat.o
                                        0x232 (size before relaxing)
 .rodata.str1.4
                0x0000000081018728       0x3b binaries/xsh_network_futures.o
                                         0xe6 (size before relaxing)
 *fill*         0x0000000081018763        0x1 
 .rodata.str1.4
                0x0000000081018764      0x13f binaries/xsh_ping.o
                                        0x1b2 (size before relaxing)
 *fill*         0x00000000810188a3        0x1 
 .rodata.str1.4
                0x00000000810188a4      0x1c8 binaries/xsh_prodcons.o
                                        0x26f (size before relaxing)
 .rodata        0x0000000081018a6c       0x20 binaries/xsh_ps.o
 .rodata.str1.4
                0x0000000081018a8c      0x11a binaries/xsh_ps.o
                                        0x1d2 (size before relaxing)
 *fill*         0x0000000081018ba6        0x2 
 .rodata.str1.4
                0x0000000081018ba8       0x24 binaries/xsh_reset.o
                                         0xca (size before relaxing)
 .rodata.str1.4
                0x0000000081018bcc       0x5e binaries/xsh_sleep.o
                                         0xf6 (size before relaxing)
 *fill*         0x0000000081018c2a        0x2 
 .rodata        0x0000000081018c2c        0xc binaries/xsh_udpdump.o
 .rodata.str1.4
                0x0000000081018c38      0x122 binaries/xsh_udpdump.o
                                        0x1de (size before relaxing)
 *fill*         0x0000000081018d5a        0x2 
 .rodata.str1.4
                0x0000000081018d5c      0x1ae binaries/xsh_udpecho.o
                                        0x222 (size before relaxing)
 *fill*         0x0000000081018f0a        0x2 
 .rodata.str1.4
                0x0000000081018f0c       0x97 binaries/xsh_udpeserver.o
                                        0x13b (size before relaxing)
 *fill*         0x0000000081018fa3        0x1 
 .rodata.str1.4
                0x0000000081018fa4       0x77 binaries/xsh_uptime.o
                                        0x112 (size before relaxing)
 *fill*         0x000000008101901b        0x1 
 .rodata.str1.4
                0x000000008101901c       0x27 binaries/child_consumer.o
                                         0x36 (size before relaxing)
 *fill*         0x0000000081019043        0x1 
 .rodata.str1.4
                0x0000000081019044       0x11 binaries/consume.o
 *fill*         0x0000000081019055        0x3 
 .rodata.str1.4
                0x0000000081019058       0x17 binaries/free_mem_walk.o
 *fill*         0x000000008101906f        0x1 
 .rodata.str1.4
                0x0000000081019070       0x5f binaries/future_cons.o
 *fill*         0x00000000810190cf        0x1 
 .rodata.str1.4
                0x00000000810190d0       0x37 binaries/future_prod.o
 *fill*         0x0000000081019107        0x1 
 .rodata.str1.4
                0x0000000081019108       0x10 binaries/produce.o
                                          0xe (size before relaxing)
                0x0000000081019118                etext = ABSOLUTE (.)
                0x000000008101a000                . = ALIGN (0x1000)
 *fill*         0x0000000081019118      0xee8 

.glue_7         0x000000008101a000        0x0
 .glue_7        0x0000000000000000        0x0 linker stubs

.glue_7t        0x000000008101a000        0x0
 .glue_7t       0x0000000000000000        0x0 linker stubs

.vfp11_veneer   0x000000008101a000        0x0
 .vfp11_veneer  0x0000000000000000        0x0 linker stubs

.v4_bx          0x000000008101a000        0x0
 .v4_bx         0x0000000000000000        0x0 linker stubs

.iplt           0x000000008101a000        0x0
 .iplt          0x0000000000000000        0x0 binaries/start.o

.rel.dyn        0x000000008101a000        0x0
 .rel.iplt      0x0000000000000000        0x0 binaries/start.o

.data           0x000000008101a000     0x1000
                0x000000008101a000                data = ABSOLUTE (.)
 *(.data .data.*)
 .data          0x000000008101a000        0x0 binaries/start.o
 .data          0x000000008101a000       0x88 binaries/ascdate.o
                0x000000008101a000                Date
 .data          0x000000008101a088        0x0 binaries/bs.o
 .data          0x000000008101a088        0x0 binaries/bufinit.o
 .data          0x000000008101a088        0x0 binaries/chprio.o
 .data          0x000000008101a088        0x4 binaries/clkhandler.o
 .data          0x000000008101a08c        0x0 binaries/clkinit.o
 .data          0x000000008101a08c        0x0 binaries/close.o
 .data          0x000000008101a08c      0x5a0 binaries/conf.o
                0x000000008101a08c                devtab
 .data          0x000000008101a62c        0x0 binaries/control.o
 .data          0x000000008101a62c        0x4 binaries/create.o
 .data          0x000000008101a630       0x3d binaries/evec.o
                0x000000008101a630                expmsg2
                0x000000008101a644                expmsg1
 .data          0x000000008101a66d        0x0 binaries/exit.o
 .data          0x000000008101a66d        0x0 binaries/freebuf.o
 .data          0x000000008101a66d        0x0 binaries/freemem.o
 *fill*         0x000000008101a66d        0x3 
 .data          0x000000008101a670        0x8 binaries/fs.o
                0x000000008101a670                setMask
                0x000000008101a674                dataMask
 .data          0x000000008101a678        0x0 binaries/future_alloc.o
 .data          0x000000008101a678        0x0 binaries/future_free.o
 .data          0x000000008101a678        0x0 binaries/future_get.o
 .data          0x000000008101a678        0x0 binaries/future_set.o
 .data          0x000000008101a678        0x0 binaries/getbuf.o
 .data          0x000000008101a678        0x0 binaries/getc.o
 .data          0x000000008101a678        0x0 binaries/getdev.o
 .data          0x000000008101a678        0x0 binaries/getitem.o
 .data          0x000000008101a678        0x0 binaries/getmemBest.o
 .data          0x000000008101a678        0x0 binaries/getmem.o
 .data          0x000000008101a678        0x0 binaries/getmemList.o
 .data          0x000000008101a678        0x0 binaries/getpid.o
 .data          0x000000008101a678        0x0 binaries/getprio.o
 .data          0x000000008101a678        0x0 binaries/getProName.o
 .data          0x000000008101a678        0x0 binaries/getstkBest.o
 .data          0x000000008101a678        0x0 binaries/getstk.o
 .data          0x000000008101a678        0x0 binaries/gettime.o
 .data          0x000000008101a678        0x0 binaries/getutime.o
 .data          0x000000008101a678        0x0 binaries/init.o
 .data          0x000000008101a678        0x0 binaries/initialize.o
 .data          0x000000008101a678        0x0 binaries/insert.o
 .data          0x000000008101a678        0x0 binaries/insertd.o
 .data          0x000000008101a678        0x0 binaries/ioerr.o
 .data          0x000000008101a678        0x0 binaries/ionull.o
 .data          0x000000008101a678        0x0 binaries/kill.o
 .data          0x000000008101a678        0x0 binaries/kprintf.o
 .data          0x000000008101a678        0x4 binaries/main.o
                0x000000008101a678                gcounter
 .data          0x000000008101a67c        0x0 binaries/mark.o
 .data          0x000000008101a67c        0x0 binaries/meminit.o
 .data          0x000000008101a67c        0x0 binaries/mkbufpool.o
 .data          0x000000008101a67c        0x0 binaries/netIPC.o
 .data          0x000000008101a67c        0x0 binaries/net_udp_receive.o
 .data          0x000000008101a67c        0x2 binaries/newqueue.o
 .data          0x000000008101a67e        0x0 binaries/open.o
 .data          0x000000008101a67e        0x0 binaries/panic.o
 .data          0x000000008101a67e        0x0 binaries/platinit.o
 .data          0x000000008101a67e        0x0 binaries/port_futures.o
 .data          0x000000008101a67e        0x0 binaries/ptclear.o
 .data          0x000000008101a67e        0x0 binaries/ptcount.o
 .data          0x000000008101a67e        0x0 binaries/ptcreate.o
 .data          0x000000008101a67e        0x0 binaries/ptdelete.o
 .data          0x000000008101a67e        0x0 binaries/ptinit.o
 .data          0x000000008101a67e        0x0 binaries/ptrecv.o
 .data          0x000000008101a67e        0x0 binaries/ptreset.o
 .data          0x000000008101a67e        0x0 binaries/ptsend.o
 .data          0x000000008101a67e        0x0 binaries/putc.o
 .data          0x000000008101a67e        0x0 binaries/queue.o
 .data          0x000000008101a67e        0x0 binaries/queue_fut.o
 .data          0x000000008101a67e        0x0 binaries/read.o
 .data          0x000000008101a67e        0x0 binaries/ready.o
 .data          0x000000008101a67e        0x0 binaries/receive.o
 .data          0x000000008101a67e        0x0 binaries/recvclr.o
 .data          0x000000008101a67e        0x0 binaries/recvtime.o
 .data          0x000000008101a67e        0x0 binaries/resched.o
 .data          0x000000008101a67e        0x0 binaries/resume.o
 .data          0x000000008101a67e        0x0 binaries/seek.o
 .data          0x000000008101a67e        0x0 binaries/semcount.o
 .data          0x000000008101a67e        0x0 binaries/semcreate.o
 .data          0x000000008101a67e        0x0 binaries/semdelete.o
 .data          0x000000008101a67e        0x0 binaries/semreset.o
 .data          0x000000008101a67e        0x0 binaries/send.o
 .data          0x000000008101a67e        0x0 binaries/signal.o
 .data          0x000000008101a67e        0x0 binaries/signaln.o
 .data          0x000000008101a67e        0x0 binaries/sleep.o
 .data          0x000000008101a67e        0x0 binaries/suspend.o
 .data          0x000000008101a67e        0x0 binaries/unsleep.o
 .data          0x000000008101a67e        0x0 binaries/userret.o
 .data          0x000000008101a67e        0x0 binaries/wait.o
 .data          0x000000008101a67e        0x0 binaries/wakeup.o
 .data          0x000000008101a67e        0x0 binaries/write.o
 .data          0x000000008101a67e        0x0 binaries/xdone.o
 .data          0x000000008101a67e        0x0 binaries/yield.o
 .data          0x000000008101a67e        0x0 binaries/abs.o
 .data          0x000000008101a67e        0x0 binaries/atoi.o
 .data          0x000000008101a67e        0x0 binaries/atol.o
 .data          0x000000008101a67e        0x0 binaries/bzero.o
 .data          0x000000008101a67e        0x0 binaries/ctype_.o
 .data          0x000000008101a67e        0x0 binaries/doprnt.o
 *fill*         0x000000008101a67e        0x2 
 .data          0x000000008101a680       0x80 binaries/doscan.o
                0x000000008101a680                _sctab
 .data          0x000000008101a700        0x0 binaries/fdoprnt.o
 .data          0x000000008101a700        0x0 binaries/fgetc.o
 .data          0x000000008101a700        0x0 binaries/fgets.o
 .data          0x000000008101a700        0x0 binaries/fprintf.o
 .data          0x000000008101a700        0x0 binaries/fputc.o
 .data          0x000000008101a700        0x0 binaries/fputs.o
 .data          0x000000008101a700        0x0 binaries/fscanf.o
 .data          0x000000008101a700        0x0 binaries/getchar.o
 .data          0x000000008101a700        0x0 binaries/labs.o
 .data          0x000000008101a700        0x0 binaries/memchr.o
 .data          0x000000008101a700        0x0 binaries/memcmp.o
 .data          0x000000008101a700        0x0 binaries/memcpy.o
 .data          0x000000008101a700        0x0 binaries/memset.o
 .data          0x000000008101a700        0x0 binaries/printf.o
 .data          0x000000008101a700        0x0 binaries/putchar.o
 .data          0x000000008101a700        0x0 binaries/qsort.o
 .data          0x000000008101a700        0x4 binaries/rand.o
 .data          0x000000008101a704        0x0 binaries/sprintf.o
 .data          0x000000008101a704        0x0 binaries/sscanf.o
 .data          0x000000008101a704        0x0 binaries/strchr.o
 .data          0x000000008101a704        0x0 binaries/strcmp.o
 .data          0x000000008101a704        0x0 binaries/strcpy.o
 .data          0x000000008101a704        0x0 binaries/strlen.o
 .data          0x000000008101a704        0x0 binaries/strncat.o
 .data          0x000000008101a704        0x0 binaries/strncmp.o
 .data          0x000000008101a704        0x0 binaries/strncpy.o
 .data          0x000000008101a704        0x0 binaries/strnlen.o
 .data          0x000000008101a704        0x0 binaries/strrchr.o
 .data          0x000000008101a704        0x0 binaries/strstr.o
 .data          0x000000008101a704        0x0 binaries/ttycontrol.o
 .data          0x000000008101a704        0x0 binaries/ttygetc.o
 .data          0x000000008101a704        0x0 binaries/ttyhandle_in.o
 .data          0x000000008101a704        0x0 binaries/ttyhandle_out.o
 .data          0x000000008101a704        0x0 binaries/ttyhandler.o
 .data          0x000000008101a704        0x0 binaries/ttyinit.o
 .data          0x000000008101a704        0x0 binaries/ttykickout.o
 .data          0x000000008101a704        0x0 binaries/ttyputc.o
 .data          0x000000008101a704        0x0 binaries/ttyread.o
 .data          0x000000008101a704        0x0 binaries/ttywrite.o
 .data          0x000000008101a704        0x0 binaries/mount.o
 .data          0x000000008101a704        0x0 binaries/naminit.o
 .data          0x000000008101a704        0x0 binaries/nammap.o
 .data          0x000000008101a704        0x0 binaries/namopen.o
 .data          0x000000008101a704        0x0 binaries/colon2mac.o
 .data          0x000000008101a704        0x0 binaries/ethcontrol.o
 .data          0x000000008101a704        0x0 binaries/ethhandler.o
 .data          0x000000008101a704        0x0 binaries/ethinit.o
 .data          0x000000008101a704        0x0 binaries/ethread.o
 .data          0x000000008101a704        0x0 binaries/ethwrite.o
 .data          0x000000008101a704        0x0 binaries/rdsbufalloc.o
 .data          0x000000008101a704        0x0 binaries/rdsclose.o
 .data          0x000000008101a704        0x0 binaries/rdscomm.o
 .data          0x000000008101a704        0x0 binaries/rdscontrol.o
 .data          0x000000008101a704        0x0 binaries/rdsinit.o
 .data          0x000000008101a704        0x0 binaries/rdsopen.o
 .data          0x000000008101a704        0x0 binaries/rdsprocess.o
 .data          0x000000008101a704        0x0 binaries/rdsread.o
 .data          0x000000008101a704        0x0 binaries/rdswrite.o
 .data          0x000000008101a704        0x0 binaries/ramclose.o
 .data          0x000000008101a704        0x0 binaries/raminit.o
 .data          0x000000008101a704        0x0 binaries/ramopen.o
 .data          0x000000008101a704        0x0 binaries/ramread.o
 .data          0x000000008101a704        0x0 binaries/ramwrite.o
 .data          0x000000008101a704        0x0 binaries/lfdballoc.o
 .data          0x000000008101a704        0x0 binaries/lfdbfree.o
 .data          0x000000008101a704        0x0 binaries/lfflush.o
 .data          0x000000008101a704        0x0 binaries/lfgetmode.o
 .data          0x000000008101a704        0x0 binaries/lfiballoc.o
 .data          0x000000008101a704        0x0 binaries/lfibclear.o
 .data          0x000000008101a704        0x0 binaries/lfibget.o
 .data          0x000000008101a704        0x0 binaries/lfibput.o
 .data          0x000000008101a704        0x0 binaries/lflclose.o
 .data          0x000000008101a704        0x0 binaries/lflcontrol.o
 .data          0x000000008101a704        0x0 binaries/lflgetc.o
 .data          0x000000008101a704        0x0 binaries/lflinit.o
 .data          0x000000008101a704        0x0 binaries/lflputc.o
 .data          0x000000008101a704        0x0 binaries/lflread.o
 .data          0x000000008101a704        0x0 binaries/lflseek.o
 .data          0x000000008101a704        0x0 binaries/lflwrite.o
 .data          0x000000008101a704        0x0 binaries/lfsckfmt.o
 .data          0x000000008101a704        0x0 binaries/lfscreate.o
 .data          0x000000008101a704        0x0 binaries/lfsetup.o
 .data          0x000000008101a704        0x0 binaries/lfsinit.o
 .data          0x000000008101a704        0x0 binaries/lfsopen.o
 .data          0x000000008101a704        0x0 binaries/lftruncate.o
 .data          0x000000008101a704        0x0 binaries/rflclose.o
 .data          0x000000008101a704        0x0 binaries/rflgetc.o
 .data          0x000000008101a704        0x0 binaries/rflinit.o
 .data          0x000000008101a704        0x0 binaries/rflputc.o
 .data          0x000000008101a704        0x0 binaries/rflread.o
 .data          0x000000008101a704        0x0 binaries/rflseek.o
 .data          0x000000008101a704        0x0 binaries/rflwrite.o
 .data          0x000000008101a704        0x0 binaries/rfscomm.o
 .data          0x000000008101a704        0x0 binaries/rfscontrol.o
 .data          0x000000008101a704        0x0 binaries/rfsgetmode.o
 .data          0x000000008101a704        0x0 binaries/rfsinit.o
 .data          0x000000008101a704        0x0 binaries/rfsndmsg.o
 .data          0x000000008101a704        0x0 binaries/rfsopen.o
 .data          0x000000008101a704        0x0 binaries/arp.o
 .data          0x000000008101a704        0x0 binaries/dhcp.o
 .data          0x000000008101a704        0x0 binaries/dns.o
 .data          0x000000008101a704        0x0 binaries/dot2ip.o
 .data          0x000000008101a704        0x0 binaries/hexdump.o
 .data          0x000000008101a704        0x4 binaries/icmp.o
 .data          0x000000008101a708        0x0 binaries/ip.o
 .data          0x000000008101a708        0x0 binaries/net.o
 .data          0x000000008101a708        0x0 binaries/netstart.o
 .data          0x000000008101a708        0x0 binaries/pdump.o
 .data          0x000000008101a708        0x0 binaries/tftp.o
 .data          0x000000008101a708        0x4 binaries/udp.o
 .data          0x000000008101a70c        0x0 binaries/addargs.o
 .data          0x000000008101a70c        0x0 binaries/lexan.o
 .data          0x000000008101a70c        0x4 binaries/shell.o
                0x000000008101a70c                ncmd
 .data          0x000000008101a710        0x0 binaries/xsh_argecho.o
 .data          0x000000008101a710        0x0 binaries/xsh_arp.o
 .data          0x000000008101a710        0x0 binaries/xsh_cat.o
 .data          0x000000008101a710        0x0 binaries/xsh_chat.o
 .data          0x000000008101a710        0x0 binaries/xsh_clear.o
 .data          0x000000008101a710        0x0 binaries/xsh_date.o
 .data          0x000000008101a710        0x0 binaries/xsh_devdump.o
 .data          0x000000008101a710        0x0 binaries/xsh_echo.o
 .data          0x000000008101a710        0x0 binaries/xsh_exit.o
 .data          0x000000008101a710        0x0 binaries/xsh_freememwalk.o
 .data          0x000000008101a710        0x0 binaries/xsh_fstest.o
 .data          0x000000008101a710        0x0 binaries/xsh_hello.o
 .data          0x000000008101a710        0x0 binaries/xsh_help.o
 .data          0x000000008101a710        0x0 binaries/xsh_ipaddr.o
 .data          0x000000008101a710        0x0 binaries/xsh_kill.o
 .data          0x000000008101a710        0x0 binaries/xsh_led.o
 .data          0x000000008101a710        0x0 binaries/xsh_memdump.o
 .data          0x000000008101a710        0x0 binaries/xsh_memstat.o
 .data          0x000000008101a710        0x0 binaries/xsh_network_futures.o
 .data          0x000000008101a710        0x0 binaries/xsh_ping.o
 .data          0x000000008101a710        0x0 binaries/xsh_prodcons.o
 .data          0x000000008101a710        0x0 binaries/xsh_ps.o
 .data          0x000000008101a710        0x0 binaries/xsh_reset.o
 .data          0x000000008101a710        0x0 binaries/xsh_sleep.o
 .data          0x000000008101a710        0x0 binaries/xsh_udpdump.o
 .data          0x000000008101a710        0x0 binaries/xsh_udpecho.o
 .data          0x000000008101a710        0x0 binaries/xsh_udpeserver.o
 .data          0x000000008101a710        0x0 binaries/xsh_uptime.o
 .data          0x000000008101a710        0x0 binaries/child_consumer.o
 .data          0x000000008101a710        0x0 binaries/consume.o
 .data          0x000000008101a710        0x0 binaries/free_mem_walk.o
 .data          0x000000008101a710        0x0 binaries/future_cons.o
 .data          0x000000008101a710        0x0 binaries/future_prod.o
 .data          0x000000008101a710        0x0 binaries/produce.o
 .data          0x000000008101a710        0x0 binaries/ctxsw.o
 .data          0x000000008101a710        0x0 binaries/intr.o
 .data          0x000000008101a710        0x0 /usr/lib/gcc/arm-none-eabi/4.9.3/libgcc.a(_udivsi3.o)
 .data          0x000000008101a710        0x0 /usr/lib/gcc/arm-none-eabi/4.9.3/libgcc.a(_divsi3.o)
 .data          0x000000008101a710        0x0 /usr/lib/gcc/arm-none-eabi/4.9.3/libgcc.a(_dvmd_tls.o)
                0x000000008101a710                edata = ABSOLUTE (.)
                0x000000008101b000                . = ALIGN (0x1000)
 *fill*         0x000000008101a710      0x8f0 

.igot.plt       0x000000008101b000        0x0
 .igot.plt      0x0000000000000000        0x0 binaries/start.o

.bss            0x000000008101b000    0x20000
                0x000000008101b000                bss = ABSOLUTE (.)
 *(.bss .bss.*)
 .bss           0x000000008101b000        0x0 binaries/start.o
 .bss           0x000000008101b000        0x0 binaries/ascdate.o
 .bss           0x000000008101b000        0x4 binaries/bs.o
                0x000000008101b000                dev0
 .bss           0x000000008101b004        0x0 binaries/bufinit.o
 .bss           0x000000008101b004        0x0 binaries/chprio.o
 .bss           0x000000008101b004        0x0 binaries/clkhandler.o
 .bss           0x000000008101b004        0x4 binaries/clkinit.o
                0x000000008101b004                ctr1000
 .bss           0x000000008101b008        0x0 binaries/close.o
 .bss           0x000000008101b008        0x0 binaries/conf.o
 .bss           0x000000008101b008        0x0 binaries/control.o
 .bss           0x000000008101b008        0x0 binaries/create.o
 .bss           0x000000008101b008        0x0 binaries/evec.o
 .bss           0x000000008101b008        0x0 binaries/exit.o
 .bss           0x000000008101b008        0x0 binaries/freebuf.o
 .bss           0x000000008101b008        0x0 binaries/freemem.o
 .bss           0x000000008101b008      0x264 binaries/fs.o
                0x000000008101b264                next_open_fd
                0x000000008101b268                inodeNum
 .bss           0x000000008101b26c        0x0 binaries/future_alloc.o
 .bss           0x000000008101b26c        0x0 binaries/future_free.o
 .bss           0x000000008101b26c        0x0 binaries/future_get.o
 .bss           0x000000008101b26c        0x0 binaries/future_set.o
 .bss           0x000000008101b26c        0x0 binaries/getbuf.o
 .bss           0x000000008101b26c        0x0 binaries/getc.o
 .bss           0x000000008101b26c        0x0 binaries/getdev.o
 .bss           0x000000008101b26c        0x0 binaries/getitem.o
 .bss           0x000000008101b26c        0x0 binaries/getmemBest.o
 .bss           0x000000008101b26c        0x0 binaries/getmem.o
 .bss           0x000000008101b26c        0x0 binaries/getmemList.o
 .bss           0x000000008101b26c        0x0 binaries/getpid.o
 .bss           0x000000008101b26c        0x0 binaries/getprio.o
 .bss           0x000000008101b26c        0x0 binaries/getProName.o
 .bss           0x000000008101b26c        0x0 binaries/getstkBest.o
 .bss           0x000000008101b26c        0x0 binaries/getstk.o
 .bss           0x000000008101b26c        0x0 binaries/gettime.o
 .bss           0x000000008101b26c        0x0 binaries/getutime.o
 .bss           0x000000008101b26c        0x0 binaries/init.o
 .bss           0x000000008101b26c        0x0 binaries/initialize.o
 .bss           0x000000008101b26c        0x0 binaries/insert.o
 .bss           0x000000008101b26c        0x0 binaries/insertd.o
 .bss           0x000000008101b26c        0x0 binaries/ioerr.o
 .bss           0x000000008101b26c        0x0 binaries/ionull.o
 .bss           0x000000008101b26c        0x0 binaries/kill.o
 .bss           0x000000008101b26c        0x0 binaries/kprintf.o
 .bss           0x000000008101b26c        0x0 binaries/main.o
 .bss           0x000000008101b26c        0x0 binaries/mark.o
 .bss           0x000000008101b26c        0x0 binaries/meminit.o
 .bss           0x000000008101b26c        0x0 binaries/mkbufpool.o
 .bss           0x000000008101b26c        0x0 binaries/netIPC.o
 .bss           0x000000008101b26c        0x0 binaries/net_udp_receive.o
 .bss           0x000000008101b26c        0x0 binaries/newqueue.o
 .bss           0x000000008101b26c        0x0 binaries/open.o
 .bss           0x000000008101b26c        0x0 binaries/panic.o
 .bss           0x000000008101b26c        0x0 binaries/platinit.o
 .bss           0x000000008101b26c        0x0 binaries/port_futures.o
 .bss           0x000000008101b26c        0x0 binaries/ptclear.o
 .bss           0x000000008101b26c        0x0 binaries/ptcount.o
 .bss           0x000000008101b26c        0x0 binaries/ptcreate.o
 .bss           0x000000008101b26c        0x0 binaries/ptdelete.o
 .bss           0x000000008101b26c        0x0 binaries/ptinit.o
 .bss           0x000000008101b26c        0x0 binaries/ptrecv.o
 .bss           0x000000008101b26c        0x0 binaries/ptreset.o
 .bss           0x000000008101b26c        0x0 binaries/ptsend.o
 .bss           0x000000008101b26c        0x0 binaries/putc.o
 .bss           0x000000008101b26c        0x0 binaries/queue.o
 .bss           0x000000008101b26c        0x0 binaries/queue_fut.o
 .bss           0x000000008101b26c        0x0 binaries/read.o
 .bss           0x000000008101b26c        0x0 binaries/ready.o
 .bss           0x000000008101b26c        0x0 binaries/receive.o
 .bss           0x000000008101b26c        0x0 binaries/recvclr.o
 .bss           0x000000008101b26c        0x0 binaries/recvtime.o
 .bss           0x000000008101b26c        0x0 binaries/resched.o
 .bss           0x000000008101b26c        0x0 binaries/resume.o
 .bss           0x000000008101b26c        0x0 binaries/seek.o
 .bss           0x000000008101b26c        0x0 binaries/semcount.o
 .bss           0x000000008101b26c        0x4 binaries/semcreate.o
 .bss           0x000000008101b270        0x0 binaries/semdelete.o
 .bss           0x000000008101b270        0x0 binaries/semreset.o
 .bss           0x000000008101b270        0x0 binaries/send.o
 .bss           0x000000008101b270        0x0 binaries/signal.o
 .bss           0x000000008101b270        0x0 binaries/signaln.o
 .bss           0x000000008101b270        0x0 binaries/sleep.o
 .bss           0x000000008101b270        0x0 binaries/suspend.o
 .bss           0x000000008101b270        0x0 binaries/unsleep.o
 .bss           0x000000008101b270        0x0 binaries/userret.o
 .bss           0x000000008101b270        0x0 binaries/wait.o
 .bss           0x000000008101b270        0x0 binaries/wakeup.o
 .bss           0x000000008101b270        0x0 binaries/write.o
 .bss           0x000000008101b270        0x0 binaries/xdone.o
 .bss           0x000000008101b270        0x0 binaries/yield.o
 .bss           0x000000008101b270        0x0 binaries/abs.o
 .bss           0x000000008101b270        0x0 binaries/atoi.o
 .bss           0x000000008101b270        0x0 binaries/atol.o
 .bss           0x000000008101b270        0x0 binaries/bzero.o
 .bss           0x000000008101b270        0x0 binaries/ctype_.o
 .bss           0x000000008101b270        0x0 binaries/doprnt.o
 .bss           0x000000008101b270        0x0 binaries/doscan.o
 .bss           0x000000008101b270        0x0 binaries/fdoprnt.o
 .bss           0x000000008101b270        0x0 binaries/fgetc.o
 .bss           0x000000008101b270        0x0 binaries/fgets.o
 .bss           0x000000008101b270        0x0 binaries/fprintf.o
 .bss           0x000000008101b270        0x0 binaries/fputc.o
 .bss           0x000000008101b270        0x0 binaries/fputs.o
 .bss           0x000000008101b270        0x0 binaries/fscanf.o
 .bss           0x000000008101b270        0x0 binaries/getchar.o
 .bss           0x000000008101b270        0x0 binaries/labs.o
 .bss           0x000000008101b270        0x0 binaries/memchr.o
 .bss           0x000000008101b270        0x0 binaries/memcmp.o
 .bss           0x000000008101b270        0x0 binaries/memcpy.o
 .bss           0x000000008101b270        0x0 binaries/memset.o
 .bss           0x000000008101b270        0x0 binaries/printf.o
 .bss           0x000000008101b270        0x0 binaries/putchar.o
 .bss           0x000000008101b270        0x8 binaries/qsort.o
 .bss           0x000000008101b278        0x0 binaries/rand.o
 .bss           0x000000008101b278        0x0 binaries/sprintf.o
 .bss           0x000000008101b278        0x0 binaries/sscanf.o
 .bss           0x000000008101b278        0x0 binaries/strchr.o
 .bss           0x000000008101b278        0x0 binaries/strcmp.o
 .bss           0x000000008101b278        0x0 binaries/strcpy.o
 .bss           0x000000008101b278        0x0 binaries/strlen.o
 .bss           0x000000008101b278        0x0 binaries/strncat.o
 .bss           0x000000008101b278        0x0 binaries/strncmp.o
 .bss           0x000000008101b278        0x0 binaries/strncpy.o
 .bss           0x000000008101b278        0x0 binaries/strnlen.o
 .bss           0x000000008101b278        0x0 binaries/strrchr.o
 .bss           0x000000008101b278        0x0 binaries/strstr.o
 .bss           0x000000008101b278        0x0 binaries/ttycontrol.o
 .bss           0x000000008101b278        0x0 binaries/ttygetc.o
[...]
 .ARM.attributes
                0x00000000000029c2       0x35 binaries/pdump.o
 .ARM.attributes
                0x00000000000029f7       0x35 binaries/tftp.o
 .ARM.attributes
                0x0000000000002a2c       0x35 binaries/udp.o
 .ARM.attributes
                0x0000000000002a61       0x35 binaries/addargs.o
 .ARM.attributes
                0x0000000000002a96       0x35 binaries/lexan.o
 .ARM.attributes
                0x0000000000002acb       0x35 binaries/shell.o
 .ARM.attributes
                0x0000000000002b00       0x35 binaries/xsh_argecho.o
 .ARM.attributes
                0x0000000000002b35       0x35 binaries/xsh_arp.o
 .ARM.attributes
                0x0000000000002b6a       0x35 binaries/xsh_cat.o
 .ARM.attributes
                0x0000000000002b9f       0x35 binaries/xsh_chat.o
 .ARM.attributes
                0x0000000000002bd4       0x35 binaries/xsh_clear.o
 .ARM.attributes
                0x0000000000002c09       0x35 binaries/xsh_date.o
 .ARM.attributes
                0x0000000000002c3e       0x35 binaries/xsh_devdump.o
 .ARM.attributes
                0x0000000000002c73       0x35 binaries/xsh_echo.o
 .ARM.attributes
                0x0000000000002ca8       0x35 binaries/xsh_exit.o
 .ARM.attributes
                0x0000000000002cdd       0x35 binaries/xsh_freememwalk.o
 .ARM.attributes
                0x0000000000002d12       0x35 binaries/xsh_fstest.o
 .ARM.attributes
                0x0000000000002d47       0x35 binaries/xsh_hello.o
 .ARM.attributes
                0x0000000000002d7c       0x35 binaries/xsh_help.o
 .ARM.attributes
                0x0000000000002db1       0x35 binaries/xsh_ipaddr.o
 .ARM.attributes
                0x0000000000002de6       0x35 binaries/xsh_kill.o
 .ARM.attributes
                0x0000000000002e1b       0x35 binaries/xsh_led.o
 .ARM.attributes
                0x0000000000002e50       0x35 binaries/xsh_memdump.o
 .ARM.attributes
                0x0000000000002e85       0x35 binaries/xsh_memstat.o
 .ARM.attributes
                0x0000000000002eba       0x35 binaries/xsh_network_futures.o
 .ARM.attributes
                0x0000000000002eef       0x35 binaries/xsh_ping.o
 .ARM.attributes
                0x0000000000002f24       0x35 binaries/xsh_prodcons.o
 .ARM.attributes
                0x0000000000002f59       0x35 binaries/xsh_ps.o
 .ARM.attributes
                0x0000000000002f8e       0x35 binaries/xsh_reset.o
 .ARM.attributes
                0x0000000000002fc3       0x35 binaries/xsh_sleep.o
 .ARM.attributes
                0x0000000000002ff8       0x35 binaries/xsh_udpdump.o
 .ARM.attributes
                0x000000000000302d       0x35 binaries/xsh_udpecho.o
 .ARM.attributes
                0x0000000000003062       0x35 binaries/xsh_udpeserver.o
 .ARM.attributes
                0x0000000000003097       0x35 binaries/xsh_uptime.o
 .ARM.attributes
                0x00000000000030cc       0x35 binaries/child_consumer.o
 .ARM.attributes
                0x0000000000003101       0x35 binaries/consume.o
 .ARM.attributes
                0x0000000000003136       0x35 binaries/free_mem_walk.o
 .ARM.attributes
                0x000000000000316b       0x35 binaries/future_cons.o
 .ARM.attributes
                0x00000000000031a0       0x35 binaries/future_prod.o
 .ARM.attributes
                0x00000000000031d5       0x35 binaries/produce.o
 .ARM.attributes
                0x000000000000320a       0x25 binaries/ctxsw.o
 .ARM.attributes
                0x000000000000322f       0x25 binaries/intr.o
 .ARM.attributes
                0x0000000000003254       0x18 /usr/lib/gcc/arm-none-eabi/4.9.3/libgcc.a(_udivsi3.o)
 .ARM.attributes
                0x000000000000326c       0x18 /usr/lib/gcc/arm-none-eabi/4.9.3/libgcc.a(_divsi3.o)
 .ARM.attributes
                0x0000000000003284       0x18 /usr/lib/gcc/arm-none-eabi/4.9.3/libgcc.a(_dvmd_tls.o)

.comment        0x0000000000000000       0x70
 .comment       0x0000000000000000       0x70 binaries/ascdate.o
                                         0x71 (size before relaxing)
 .comment       0x0000000000000000       0x71 binaries/bs.o
 .comment       0x0000000000000000       0x71 binaries/bufinit.o
 .comment       0x0000000000000000       0x71 binaries/chprio.o
 .comment       0x0000000000000000       0x71 binaries/clkhandler.o
 .comment       0x0000000000000000       0x71 binaries/clkinit.o
 .comment       0x0000000000000000       0x71 binaries/close.o
 .comment       0x0000000000000000       0x71 binaries/conf.o
 .comment       0x0000000000000000       0x71 binaries/control.o
 .comment       0x0000000000000000       0x71 binaries/create.o
 .comment       0x0000000000000000       0x71 binaries/evec.o
 .comment       0x0000000000000000       0x71 binaries/exit.o
 .comment       0x0000000000000000       0x71 binaries/freebuf.o
 .comment       0x0000000000000000       0x71 binaries/freemem.o
 .comment       0x0000000000000000       0x71 binaries/fs.o
 .comment       0x0000000000000000       0x71 binaries/future_alloc.o
 .comment       0x0000000000000000       0x71 binaries/future_free.o
 .comment       0x0000000000000000       0x71 binaries/future_get.o
 .comment       0x0000000000000000       0x71 binaries/future_set.o
 .comment       0x0000000000000000       0x71 binaries/getbuf.o
 .comment       0x0000000000000000       0x71 binaries/getc.o
 .comment       0x0000000000000000       0x71 binaries/getdev.o
 .comment       0x0000000000000000       0x71 binaries/getitem.o
 .comment       0x0000000000000000       0x71 binaries/getmemBest.o
 .comment       0x0000000000000000       0x71 binaries/getmem.o
 .comment       0x0000000000000000       0x71 binaries/getmemList.o
 .comment       0x0000000000000000       0x71 binaries/getpid.o
 .comment       0x0000000000000000       0x71 binaries/getprio.o
 .comment       0x0000000000000000       0x71 binaries/getProName.o
 .comment       0x0000000000000000       0x71 binaries/getstkBest.o
 .comment       0x0000000000000000       0x71 binaries/getstk.o
 .comment       0x0000000000000000       0x71 binaries/gettime.o
 .comment       0x0000000000000000       0x71 binaries/getutime.o
 .comment       0x0000000000000000       0x71 binaries/init.o
 .comment       0x0000000000000000       0x71 binaries/initialize.o
 .comment       0x0000000000000000       0x71 binaries/insert.o
 .comment       0x0000000000000000       0x71 binaries/insertd.o
 .comment       0x0000000000000000       0x71 binaries/ioerr.o
 .comment       0x0000000000000000       0x71 binaries/ionull.o
 .comment       0x0000000000000000       0x71 binaries/kill.o
 .comment       0x0000000000000000       0x71 binaries/kprintf.o
 .comment       0x0000000000000000       0x71 binaries/main.o
 .comment       0x0000000000000000       0x71 binaries/mark.o
 .comment       0x0000000000000000       0x71 binaries/meminit.o
 .comment       0x0000000000000000       0x71 binaries/mkbufpool.o
 .comment       0x0000000000000000       0x71 binaries/netIPC.o
 .comment       0x0000000000000000       0x71 binaries/net_udp_receive.o
 .comment       0x0000000000000000       0x71 binaries/newqueue.o
 .comment       0x0000000000000000       0x71 binaries/open.o
 .comment       0x0000000000000000       0x71 binaries/panic.o
 .comment       0x0000000000000000       0x71 binaries/platinit.o
 .comment       0x0000000000000000       0x71 binaries/port_futures.o
 .comment       0x0000000000000000       0x71 binaries/ptclear.o
 .comment       0x0000000000000000       0x71 binaries/ptcount.o
 .comment       0x0000000000000000       0x71 binaries/ptcreate.o
 .comment       0x0000000000000000       0x71 binaries/ptdelete.o
 .comment       0x0000000000000000       0x71 binaries/ptinit.o
 .comment       0x0000000000000000       0x71 binaries/ptrecv.o
 .comment       0x0000000000000000       0x71 binaries/ptreset.o
 .comment       0x0000000000000000       0x71 binaries/ptsend.o
 .comment       0x0000000000000000       0x71 binaries/putc.o
 .comment       0x0000000000000000       0x71 binaries/queue.o
 .comment       0x0000000000000000       0x71 binaries/queue_fut.o
 .comment       0x0000000000000000       0x71 binaries/read.o
 .comment       0x0000000000000000       0x71 binaries/ready.o
 .comment       0x0000000000000000       0x71 binaries/receive.o
 .comment       0x0000000000000000       0x71 binaries/recvclr.o
 .comment       0x0000000000000000       0x71 binaries/recvtime.o
 .comment       0x0000000000000000       0x71 binaries/resched.o
 .comment       0x0000000000000000       0x71 binaries/resume.o
 .comment       0x0000000000000000       0x71 binaries/seek.o
 .comment       0x0000000000000000       0x71 binaries/semcount.o
 .comment       0x0000000000000000       0x71 binaries/semcreate.o
 .comment       0x0000000000000000       0x71 binaries/semdelete.o
 .comment       0x0000000000000000       0x71 binaries/semreset.o
 .comment       0x0000000000000000       0x71 binaries/send.o
 .comment       0x0000000000000000       0x71 binaries/signal.o
 .comment       0x0000000000000000       0x71 binaries/signaln.o
 .comment       0x0000000000000000       0x71 binaries/sleep.o
 .comment       0x0000000000000000       0x71 binaries/suspend.o
 .comment       0x0000000000000000       0x71 binaries/unsleep.o
 .comment       0x0000000000000000       0x71 binaries/userret.o
 .comment       0x0000000000000000       0x71 binaries/wait.o
 .comment       0x0000000000000000       0x71 binaries/wakeup.o
 .comment       0x0000000000000000       0x71 binaries/write.o
 .comment       0x0000000000000000       0x71 binaries/xdone.o
 .comment       0x0000000000000000       0x71 binaries/yield.o
 .comment       0x0000000000000000       0x71 binaries/abs.o
 .comment       0x0000000000000000       0x71 binaries/atoi.o
 .comment       0x0000000000000000       0x71 binaries/atol.o
 .comment       0x0000000000000000       0x71 binaries/bzero.o
 .comment       0x0000000000000000       0x71 binaries/ctype_.o
 .comment       0x0000000000000000       0x71 binaries/doprnt.o
 .comment       0x0000000000000000       0x71 binaries/doscan.o
 .comment       0x0000000000000000       0x71 binaries/fdoprnt.o
 .comment       0x0000000000000000       0x71 binaries/fgetc.o
 .comment       0x0000000000000000       0x71 binaries/fgets.o
 .comment       0x0000000000000000       0x71 binaries/fprintf.o
 .comment       0x0000000000000000       0x71 binaries/fputc.o
 .comment       0x0000000000000000       0x71 binaries/fputs.o
 .comment       0x0000000000000000       0x71 binaries/fscanf.o
 .comment       0x0000000000000000       0x71 binaries/getchar.o
 .comment       0x0000000000000000       0x71 binaries/labs.o
 .comment       0x0000000000000000       0x71 binaries/memchr.o
 .comment       0x0000000000000000       0x71 binaries/memcmp.o
 .comment       0x0000000000000000       0x71 binaries/memcpy.o
 .comment       0x0000000000000000       0x71 binaries/memset.o
 .comment       0x0000000000000000       0x71 binaries/printf.o
 .comment       0x0000000000000000       0x71 binaries/putchar.o
 .comment       0x0000000000000000       0x71 binaries/qsort.o
 .comment       0x0000000000000000       0x71 binaries/rand.o
 .comment       0x0000000000000000       0x71 binaries/sprintf.o
 .comment       0x0000000000000000       0x71 binaries/sscanf.o
 .comment       0x0000000000000000       0x71 binaries/strchr.o
 .comment       0x0000000000000000       0x71 binaries/strcmp.o
 .comment       0x0000000000000000       0x71 binaries/strcpy.o
 .comment       0x0000000000000000       0x71 binaries/strlen.o
 .comment       0x0000000000000000       0x71 binaries/strncat.o
 .comment       0x0000000000000000       0x71 binaries/strncmp.o
 .comment       0x0000000000000000       0x71 binaries/strncpy.o
 .comment       0x0000000000000000       0x71 binaries/strnlen.o
 .comment       0x0000000000000000       0x71 binaries/strrchr.o
 .comment       0x0000000000000000       0x71 binaries/strstr.o
 .comment       0x0000000000000000       0x71 binaries/ttycontrol.o
 .comment       0x0000000000000000       0x71 binaries/ttygetc.o
 .comment       0x0000000000000000       0x71 binaries/ttyhandle_in.o
 .comment       0x0000000000000000       0x71 binaries/ttyhandle_out.o
 .comment       0x0000000000000000       0x71 binaries/ttyhandler.o
 .comment       0x0000000000000000       0x71 binaries/ttyinit.o
 .comment       0x0000000000000000       0x71 binaries/ttykickout.o
 .comment       0x0000000000000000       0x71 binaries/ttyputc.o
 .comment       0x0000000000000000       0x71 binaries/ttyread.o
 .comment       0x0000000000000000       0x71 binaries/ttywrite.o
 .comment       0x0000000000000000       0x71 binaries/mount.o
 .comment       0x0000000000000000       0x71 binaries/naminit.o
 .comment       0x0000000000000000       0x71 binaries/nammap.o
 .comment       0x0000000000000000       0x71 binaries/namopen.o
 .comment       0x0000000000000000       0x71 binaries/colon2mac.o
 .comment       0x0000000000000000       0x71 binaries/ethcontrol.o
 .comment       0x0000000000000000       0x71 binaries/ethhandler.o
 .comment       0x0000000000000000       0x71 binaries/ethinit.o
 .comment       0x0000000000000000       0x71 binaries/ethread.o
 .comment       0x0000000000000000       0x71 binaries/ethwrite.o
 .comment       0x0000000000000000       0x71 binaries/rdsbufalloc.o
 .comment       0x0000000000000000       0x71 binaries/rdsclose.o
 .comment       0x0000000000000000       0x71 binaries/rdscomm.o
 .comment       0x0000000000000000       0x71 binaries/rdscontrol.o
 .comment       0x0000000000000000       0x71 binaries/rdsinit.o
 .comment       0x0000000000000000       0x71 binaries/rdsopen.o
 .comment       0x0000000000000000       0x71 binaries/rdsprocess.o
 .comment       0x0000000000000000       0x71 binaries/rdsread.o
 .comment       0x0000000000000000       0x71 binaries/rdswrite.o
 .comment       0x0000000000000000       0x71 binaries/ramclose.o
 .comment       0x0000000000000000       0x71 binaries/raminit.o
 .comment       0x0000000000000000       0x71 binaries/ramopen.o
 .comment       0x0000000000000000       0x71 binaries/ramread.o
 .comment       0x0000000000000000       0x71 binaries/ramwrite.o
 .comment       0x0000000000000000       0x71 binaries/lfdballoc.o
 .comment       0x0000000000000000       0x71 binaries/lfdbfree.o
 .comment       0x0000000000000000       0x71 binaries/lfflush.o
 .comment       0x0000000000000000       0x71 binaries/lfgetmode.o
 .comment       0x0000000000000000       0x71 binaries/lfiballoc.o
 .comment       0x0000000000000000       0x71 binaries/lfibclear.o
 .comment       0x0000000000000000       0x71 binaries/lfibget.o
 .comment       0x0000000000000000       0x71 binaries/lfibput.o
 .comment       0x0000000000000000       0x71 binaries/lflclose.o
 .comment       0x0000000000000000       0x71 binaries/lflcontrol.o
 .comment       0x0000000000000000       0x71 binaries/lflgetc.o
 .comment       0x0000000000000000       0x71 binaries/lflinit.o
 .comment       0x0000000000000000       0x71 binaries/lflputc.o
 .comment       0x0000000000000000       0x71 binaries/lflread.o
 .comment       0x0000000000000000       0x71 binaries/lflseek.o
 .comment       0x0000000000000000       0x71 binaries/lflwrite.o
 .comment       0x0000000000000000       0x71 binaries/lfsckfmt.o
 .comment       0x0000000000000000       0x71 binaries/lfscreate.o
 .comment       0x0000000000000000       0x71 binaries/lfsetup.o
 .comment       0x0000000000000000       0x71 binaries/lfsinit.o
 .comment       0x0000000000000000       0x71 binaries/lfsopen.o
 .comment       0x0000000000000000       0x71 binaries/lftruncate.o
 .comment       0x0000000000000000       0x71 binaries/rflclose.o
 .comment       0x0000000000000000       0x71 binaries/rflgetc.o
 .comment       0x0000000000000000       0x71 binaries/rflinit.o
 .comment       0x0000000000000000       0x71 binaries/rflputc.o
 .comment       0x0000000000000000       0x71 binaries/rflread.o
 .comment       0x0000000000000000       0x71 binaries/rflseek.o
 .comment       0x0000000000000000       0x71 binaries/rflwrite.o
 .comment       0x0000000000000000       0x71 binaries/rfscomm.o
 .comment       0x0000000000000000       0x71 binaries/rfscontrol.o
 .comment       0x0000000000000000       0x71 binaries/rfsgetmode.o
 .comment       0x0000000000000000       0x71 binaries/rfsinit.o
 .comment       0x0000000000000000       0x71 binaries/rfsndmsg.o
 .comment       0x0000000000000000       0x71 binaries/rfsopen.o
 .comment       0x0000000000000000       0x71 binaries/arp.o
 .comment       0x0000000000000000       0x71 binaries/dhcp.o
 .comment       0x0000000000000000       0x71 binaries/dns.o
 .comment       0x0000000000000000       0x71 binaries/dot2ip.o
 .comment       0x0000000000000000       0x71 binaries/hexdump.o
 .comment       0x0000000000000000       0x71 binaries/icmp.o
 .comment       0x0000000000000000       0x71 binaries/ip.o
 .comment       0x0000000000000000       0x71 binaries/net.o
 .comment       0x0000000000000000       0x71 binaries/netstart.o
 .comment       0x0000000000000000       0x71 binaries/pdump.o
 .comment       0x0000000000000000       0x71 binaries/tftp.o
 .comment       0x0000000000000000       0x71 binaries/udp.o
 .comment       0x0000000000000000       0x71 binaries/addargs.o
 .comment       0x0000000000000000       0x71 binaries/lexan.o
 .comment       0x0000000000000000       0x71 binaries/shell.o
 .comment       0x0000000000000000       0x71 binaries/xsh_argecho.o
 .comment       0x0000000000000000       0x71 binaries/xsh_arp.o
 .comment       0x0000000000000000       0x71 binaries/xsh_cat.o
 .comment       0x0000000000000000       0x71 binaries/xsh_chat.o
 .comment       0x0000000000000000       0x71 binaries/xsh_clear.o
 .comment       0x0000000000000000       0x71 binaries/xsh_date.o
 .comment       0x0000000000000000       0x71 binaries/xsh_devdump.o
 .comment       0x0000000000000000       0x71 binaries/xsh_echo.o
 .comment       0x0000000000000000       0x71 binaries/xsh_exit.o
 .comment       0x0000000000000000       0x71 binaries/xsh_freememwalk.o
 .comment       0x0000000000000000       0x71 binaries/xsh_fstest.o
 .comment       0x0000000000000000       0x71 binaries/xsh_hello.o
 .comment       0x0000000000000000       0x71 binaries/xsh_help.o
 .comment       0x0000000000000000       0x71 binaries/xsh_ipaddr.o
 .comment       0x0000000000000000       0x71 binaries/xsh_kill.o
 .comment       0x0000000000000000       0x71 binaries/xsh_led.o
 .comment       0x0000000000000000       0x71 binaries/xsh_memdump.o
 .comment       0x0000000000000000       0x71 binaries/xsh_memstat.o
 .comment       0x0000000000000000       0x71 binaries/xsh_network_futures.o
 .comment       0x0000000000000000       0x71 binaries/xsh_ping.o
 .comment       0x0000000000000000       0x71 binaries/xsh_prodcons.o
 .comment       0x0000000000000000       0x71 binaries/xsh_ps.o
 .comment       0x0000000000000000       0x71 binaries/xsh_reset.o
 .comment       0x0000000000000000       0x71 binaries/xsh_sleep.o
 .comment       0x0000000000000000       0x71 binaries/xsh_udpdump.o
 .comment       0x0000000000000000       0x71 binaries/xsh_udpecho.o
 .comment       0x0000000000000000       0x71 binaries/xsh_udpeserver.o
 .comment       0x0000000000000000       0x71 binaries/xsh_uptime.o
 .comment       0x0000000000000000       0x71 binaries/child_consumer.o
 .comment       0x0000000000000000       0x71 binaries/consume.o
 .comment       0x0000000000000000       0x71 binaries/free_mem_walk.o
 .comment       0x0000000000000000       0x71 binaries/future_cons.o
 .comment       0x0000000000000000       0x71 binaries/future_prod.o
 .comment       0x0000000000000000       0x71 binaries/produce.o

.debug_frame    0x0000000000000000       0x40
 .debug_frame   0x0000000000000000       0x20 /usr/lib/gcc/arm-none-eabi/4.9.3/libgcc.a(_udivsi3.o)
 .debug_frame   0x0000000000000020       0x20 /usr/lib/gcc/arm-none-eabi/4.9.3/libgcc.a(_divsi3.o)
